withLocationImplementationDetails.lean:5:28-7:25: error: unsolved goals
h : B = 3
‚ä¢ B = 3
